httpx.HTTPStatusError: Client error '401 Unauthorized' for url 'https://huggingface.co/google/embeddinggemma-300m/resolve/main/modules.json'
For more information check: https://developer.mozilla.org/en-US/docs/Web/HTTP/Status/401

The above exception was the direct cause of the following exception:

Traceback (most recent call last):
  File "<frozen runpy>", line 203, in _run_module_as_main
  File "<frozen runpy>", line 88, in _run_code
  File "/content/lora-kernel/training/harness/embed_router.py", line 276, in <module>
    raise SystemExit(main())
                     ~~~~^^
  File "/content/lora-kernel/training/harness/embed_router.py", line 236, in main
    enc, rec["encoder_detail"] = encoder_for(a.base, "router")
                                 ~~~~~~~~~~~^^^^^^^^^^^^^^^^^^
  File "/content/lora-kernel/training/harness/embed_router.py", line 104, in encoder_for
    enc = SentenceEncoder(model, GEMMA_TASK[space])
  File "/content/lora-kernel/training/harness/embed_router.py", line 93, in __init__
    self.model = SentenceTransformer(model, device="cuda")
                 ~~~~~~~~~~~~~~~~~~~^^^^^^^^^^^^^^^^^^^^^^
  File "/usr/local/lib/python3.13/dist-packages/sentence_transformers/util/decorators.py", line 41, in wrapper
    return func(*args, **kwargs)
  File "/usr/local/lib/python3.13/dist-packages/sentence_transformers/sentence_transformer/model.py", line 188, in __init__
    super().__init__(
    ~~~~~~~~~~~~~~~~^
        model_name_or_path=model_name_or_path,
        ^^^^^^^^^^^^^^^^^^^^^^^^^^^^^^^^^^^^^^
    ...<13 lines>...
        default_prompt_name=default_prompt_name,
        ^^^^^^^^^^^^^^^^^^^^^^^^^^^^^^^^^^^^^^^^
    )
    ^
  File "/usr/local/lib/python3.13/dist-packages/sentence_transformers/base/model.py", line 222, in __init__
    modules, self.module_kwargs = self._load_modules(
                                  ~~~~~~~~~~~~~~~~~~^
        model_name_or_path,
        ^^^^^^^^^^^^^^^^^^^
    ...<7 lines>...
        config_kwargs=config_kwargs,
        ^^^^^^^^^^^^^^^^^^^^^^^^^^^^
    )
    ^
  File "/usr/local/lib/python3.13/dist-packages/sentence_transformers/base/model.py", line 1002, in _load_modules
    modules_json_path = load_file_path(
        model_name_or_path,
    ...<4 lines>...
        local_files_only=local_files_only,
    )
  File "/usr/local/lib/python3.13/dist-packages/sentence_transformers/util/file_io.py", line 116, in load_file_path
    return hf_hub_download(
        model_name_or_path,
    ...<6 lines>...
        local_files_only=local_files_only,
    )
  File "/usr/local/lib/python3.13/dist-packages/huggingface_hub/utils/_validators.py", line 89, in _inner_fn
    return fn(*args, **kwargs)
  File "/usr/local/lib/python3.13/dist-packages/huggingface_hub/utils/_http.py", line 266, in _inner
    return fn(*args, **kwargs)
  File "/usr/local/lib/python3.13/dist-packages/huggingface_hub/file_download.py", line 1047, in hf_hub_download
    return _hf_hub_download_to_cache_dir(
        # Destination
    ...<15 lines>...
        dry_run=dry_run,
    )
  File "/usr/local/lib/python3.13/dist-packages/huggingface_hub/file_download.py", line 1194, in _hf_hub_download_to_cache_dir
    _raise_on_head_call_error(head_call_error, force_download, local_files_only)
    ~~~~~~~~~~~~~~~~~~~~~~~~~^^^^^^^^^^^^^^^^^^^^^^^^^^^^^^^^^^^^^^^^^^^^^^^^^^^
  File "/usr/local/lib/python3.13/dist-packages/huggingface_hub/file_download.py", line 1953, in _raise_on_head_call_error
    raise head_call_error
huggingface_hub.errors.GatedRepoError: 401 Client Error. (Request ID: Root=1-6ab83b45-12c1f66345ff05552745a606;b96bdacf-b6d1-4181-a3c3-5f9fa942a574)

Cannot access gated repo for url https://huggingface.co/google/embeddinggemma-300m/resolve/main/modules.json.
Access to model google/embeddinggemma-300m is restricted. You must have access to it and be authenticated to access it. Please log in.
