=== session 1 of 1 · srv121309 · L4
    boot clone: rc=0 3f7cca5 C1 [ran]: no material contention — four members 1.03x one at 16 sessions; 32 sessions at p95 TTFT 0.24 s, 0 errors
    boot clear: rc=0 cleared
    boot attempt 1 did not take: silence
    3f7cca5 C1 [ran]: no material contention — four members 1.03x one at 16 sessions; 32 sessions at p95 TTFT 0.24 s, 0 errors | 0.30.0
    this module trains its own adapter — nothing to carry in
    runner started (launch 1)
     10%|▉         | 26/264 [03:39<33:05,  8.34s/it]
     10%|█         | 27/264 [03:47<32:43,  8.28s/it]
     11%|█         | 28/264 [03:56<32:28,  8.26s/it]
     12%|█▏        | 32/264 [04:29<31:44,  8.21s/it]
     12%|█▎        | 33/264 [04:37<31:53,  8.28s/it]
     13%|█▎        | 34/264 [04:45<31:41,  8.27s/it]
     16%|█▋        | 43/264 [06:00<30:15,  8.21s/it]
     17%|█▋        | 44/264 [06:08<30:33,  8.33s/it]
     17%|█▋        | 45/264 [06:17<30:25,  8.34s/it]
     20%|██        | 53/264 [07:22<28:46,  8.18s/it]
     20%|██        | 54/264 [07:30<28:29,  8.14s/it]
     21%|██        | 55/264 [07:39<28:41,  8.24s/it]
     23%|██▎       | 60/264 [08:20<27:59,  8.23s/it]
     23%|██▎       | 60/264 [08:20<27:59,  8.23s/it]
     23%|██▎       | 61/264 [08:28<27:45,  8.20s/it]
     25%|██▍       | 65/264 [09:01<27:10,  8.19s/it]
     25%|██▌       | 66/264 [09:10<27:23,  8.30s/it]
     25%|██▌       | 67/264 [09:18<26:57,  8.21s/it]
     27%|██▋       | 72/264 [09:58<25:59,  8.12s/it]
     28%|██▊       | 73/264 [10:07<26:11,  8.23s/it]
     28%|██▊       | 74/264 [10:15<25:57,  8.20s/it]
     30%|██▉       | 79/264 [10:56<25:30,  8.27s/it]
     30%|███       | 80/264 [11:05<25:30,  8.32s/it]
     30%|███       | 80/264 [11:05<25:30,  8.32s/it]
     32%|███▏      | 84/264 [11:38<24:50,  8.28s/it]
     32%|███▏      | 85/264 [11:46<24:32,  8.22s/it]
     33%|███▎      | 86/264 [11:54<24:16,  8.18s/it]
     34%|███▍      | 91/264 [12:30<22:09,  7.68s/it]
     35%|███▍      | 92/264 [12:38<22:50,  7.97s/it]
     35%|███▌      | 93/264 [12:46<22:51,  8.02s/it]
     38%|███▊      | 101/264 [13:53<22:22,  8.24s/it]
     39%|███▊      | 102/264 [14:01<22:08,  8.20s/it]
     39%|███▉      | 103/264 [14:09<22:15,  8.30s/it]
     41%|████      | 107/264 [14:42<21:42,  8.29s/it]
     41%|████      | 108/264 [14:50<21:23,  8.23s/it]
     41%|████▏     | 109/264 [14:58<21:09,  8.19s/it]
