=== session 1 of 1 · srv195852 · L4
    boot clone: rc=0 b3163af H2's harness gate records its block-less rows by role (400 QA, 0 others)
    boot clear: rc=0 cleared
    boot attempt 1 did not take: silence
    b3163af H2's harness gate records its block-less rows by role (400 QA, 0 others) | 0.30.0
    this module trains its own adapter — nothing to carry in
    runner started (launch 1)
    [train] adapters/tracker-wf-s1 from 1400 examples
    W0929 23:35:55.418000 16733 torch/utils/_pytree.py:630] <enum 'KernelPreference'> is an Enum subclass and is now natively supported by torch.compile as an opaque value type. Calling register_constant() on Enum subclasses is deprecated and will be an error in a future release.
    W0929 23:35:55.459000 16733 torch/utils/_pytree.py:630] <enum 'ScaleCalculationMode'> is an Enum subclass and is now natively supported by torch.compile as an opaque value type. Calling register_constant() on Enum subclasses is deprecated and will be an error in a future release.
    [train] adapters/tracker-wf-s1 from 1400 examples
    W0929 23:35:55.418000 16733 torch/utils/_pytree.py:630] <enum 'KernelPreference'> is an Enum subclass and is now natively supported by torch.compile as an opaque value type. Calling register_constant() on Enum subclasses is deprecated and will be an error in a future release.
    W0929 23:35:55.459000 16733 torch/utils/_pytree.py:630] <enum 'ScaleCalculationMode'> is an Enum subclass and is now natively supported by torch.compile as an opaque value type. Calling register_constant() on Enum subclasses is deprecated and will be an error in a future release.
    Dropping fully masked examples from train dataset: 100%|██████████| 1400/1400 [00:00<00:00, 3073.20 examples/s]
      0%|          | 0/264 [00:00<?, ?it/s]
      0%|          | 1/264 [00:15<1:08:32, 15.64s/it]
      1%|          | 3/264 [00:39<54:24, 12.51s/it]
      2%|▏         | 4/264 [00:50<51:35, 11.91s/it]
      2%|▏         | 5/264 [01:01<50:52, 11.79s/it]
      4%|▍         | 10/264 [01:54<45:00, 10.63s/it]
      4%|▍         | 10/264 [01:54<45:00, 10.63s/it]
      4%|▍         | 11/264 [02:05<45:28, 10.78s/it]
      5%|▌         | 14/264 [02:40<46:28, 11.16s/it]
      6%|▌         | 15/264 [02:51<46:34, 11.22s/it]
      6%|▌         | 16/264 [03:02<45:44, 11.06s/it]
      8%|▊         | 20/264 [03:47<46:14, 11.37s/it]
      8%|▊         | 20/264 [03:47<46:14, 11.37s/it]
      8%|▊         | 21/264 [03:58<45:19, 11.19s/it]
      9%|▉         | 24/264 [04:31<44:22, 11.09s/it]
      9%|▉         | 25/264 [04:43<44:17, 11.12s/it]
     10%|▉         | 26/264 [04:53<43:35, 10.99s/it]
     13%|█▎        | 34/264 [06:22<42:54, 11.19s/it]
     13%|█▎        | 35/264 [06:33<42:15, 11.07s/it]
     14%|█▎        | 36/264 [06:44<42:00, 11.06s/it]
     15%|█▍        | 39/264 [07:17<41:18, 11.01s/it]
     15%|█▌        | 40/264 [07:29<42:12, 11.31s/it]
     15%|█▌        | 40/264 [07:29<42:12, 11.31s/it]
     17%|█▋        | 44/264 [08:17<43:22, 11.83s/it]
     17%|█▋        | 45/264 [08:28<43:12, 11.84s/it]
     17%|█▋        | 46/264 [08:40<42:14, 11.62s/it]
     19%|█▊        | 49/264 [09:15<42:00, 11.72s/it]
     19%|█▉        | 50/264 [09:26<41:03, 11.51s/it]
     19%|█▉        | 50/264 [09:26<41:03, 11.51s/it]
     20%|██        | 53/264 [09:59<38:53, 11.06s/it]
     20%|██        | 54/264 [10:10<38:34, 11.02s/it]
     21%|██        | 55/264 [10:20<37:49, 10.86s/it]
     23%|██▎       | 60/264 [11:15<36:41, 10.79s/it]
     23%|██▎       | 60/264 [11:15<36:41, 10.79s/it]
     23%|██▎       | 61/264 [11:26<37:14, 11.01s/it]
     24%|██▍       | 63/264 [11:48<36:51, 11.00s/it]
     24%|██▍       | 64/264 [11:59<36:04, 10.82s/it]
     25%|██▍       | 65/264 [12:10<36:18, 10.95s/it]
     26%|██▌       | 69/264 [12:55<36:00, 11.08s/it]
     27%|██▋       | 70/264 [13:06<36:14, 11.21s/it]
     27%|██▋       | 70/264 [13:06<36:14, 11.21s/it]
     29%|██▉       | 76/264 [14:11<34:18, 10.95s/it]
     29%|██▉       | 77/264 [14:22<33:51, 10.87s/it]
     30%|██▉       | 78/264 [14:33<33:36, 10.84s/it]
     30%|███       | 80/264 [14:57<35:07, 11.46s/it]
     31%|███       | 81/264 [15:08<34:24, 11.28s/it]
     31%|███       | 82/264 [15:19<33:57, 11.19s/it]
     32%|███▏      | 85/264 [15:53<33:36, 11.27s/it]
     33%|███▎      | 86/264 [16:05<33:51, 11.41s/it]
     33%|███▎      | 87/264 [16:15<32:58, 11.18s/it]
     34%|███▍      | 90/264 [16:43<30:11, 10.41s/it]
     34%|███▍      | 91/264 [16:54<30:38, 10.63s/it]
     35%|███▍      | 92/264 [17:05<30:38, 10.69s/it]
     36%|███▌      | 94/264 [17:29<31:50, 11.24s/it]
     36%|███▌      | 95/264 [17:40<31:23, 11.14s/it]
     36%|███▋      | 96/264 [17:51<31:14, 11.16s/it]
     38%|███▊      | 99/264 [18:26<31:29, 11.45s/it]
     38%|███▊      | 100/264 [18:37<31:01, 11.35s/it]
     38%|███▊      | 100/264 [18:37<31:01, 11.35s/it]
     39%|███▉      | 103/264 [19:11<30:21, 11.32s/it]
     39%|███▉      | 104/264 [19:22<30:17, 11.36s/it]
     40%|███▉      | 105/264 [19:33<29:52, 11.27s/it]
     41%|████      | 107/264 [19:56<29:58, 11.46s/it]
     41%|████      | 108/264 [20:07<29:30, 11.35s/it]
     41%|████▏     | 109/264 [20:18<28:40, 11.10s/it]
     42%|████▏     | 112/264 [20:51<28:11, 11.13s/it]
     43%|████▎     | 113/264 [21:03<28:35, 11.36s/it]
     43%|████▎     | 114/264 [21:14<28:13, 11.29s/it]
    srv195852 did not answer a probe (1 of 3)
    srv195852 did not answer a probe (2 of 3)
    srv195852 did not answer a probe (3 of 3)
    srv195852 is not answering — giving up on it
exit 0
