[live] real3-one-hop-00: right · 'NFPA Flammable and Combustible Liquids Code (NFPA No. 30-1969) [1910.178 §f]'
[live] real3-one-hop-01: right · 'NFPA Storage and Handling of Liquefied Petroleum Gases (NFPA No. 58-1969) [1910.'
[live] real3-one-hop-02: wrong · 'Not in my library.'
[live] real3-one-hop-03: right · '405 [1910.178 §a-3]'
[live] real3-one-hop-04: wrong · 'Not in my library.'
[live] real3-one-hop-05: wrong · 'Not in my library.'
[live] real3-one-hop-06: wrong · 'Not in my library.'
[live] real3-one-hop-07: no-walk · ''
[live] real3-one-hop-08: right · 'section 301(hh) [1.902 §text-2]'
[live] real3-one-hop-09: wrong · 'section 402(a)(1), (2), and (4) [1.906 §a]'
[live] real3-one-hop-10: unverified · '§ 10.30 Petition for waiver of requirement [84a§10.30]'
[live] real3-one-hop-11: wrong · 'Not in my library.'
[live] real3-one-hop-12: right · '§10.30(h)(3) [1.924 §b]'
[live] real3-coverage-defs-13: right · '40 hours [1.904 §text-2]'
[live] real3-coverage-defs-14: right · '52 weeks [1.904 §text-2]'
[live] real3-coverage-defs-15: right · '3-year period [1.904 §non-covered-business]'
[live] real3-coverage-defs-16: right · 'section 201(qq) [1.904 §cross-contact]'
[live] real3-coverage-defs-17: right · 'section 409(h)(6) [1.904 §transportation-operations]'
[live] real3-coverage-defs-18: unverified · '§ 1.227 Definitions [kvx]'
[live] real3-coverage-defs-19: right · 'section 201 [1.904 §text]'
[live] real3-defs-coverage-20: right · 'section 801(d)(3) [1.900 §b-2]'
[live] real3-defs-coverage-21: right · '21 U.S.C. 601 [1.900 §b-3]'
[live] real3-defs-coverage-22: right · '21 U.S.C. 451 et seq. [1.900 §b-3]'
[live] real3-defs-coverage-23: right · '21 U.S.C. 1031 [1.900 §b-3]'
[live] real3-defs-coverage-24: unverified · '§ 1.227 Food facilities [1.904 §farm]'
[live] real3-defs-coverage-25: right · '21 CFR parts 1, 117, 118, 225, 507, and 589 [1.900 §a]'
[live] real3-duty-vehicles-26: right · 'section 402(a) [1.906 §a]'
[live] real3-duty-electronic-27: unverified · '§ 11.3(b)(6) [q2m] 1.908 What requirements apply to transportation operations?'
[live] real3-duty-electronic-28: unverified · '§ 11.3('
[live] real3-duty-electronic-29: right · 'part 11 [1.912 §h]'
[live] real3-duty-agreement-30: right · '12 months [1.912 §a-2]'
[live] real3-duty-agreement-31: unverified · '12 months [1.912 §a-1]'
[live] real3-defs-coverage-defs-32: right · '3-year period [1.904 §non-covered-business]'
[live] real3-defs-coverage-defs-33: right · '40 hours [1.904 §text-2]'
[live] real3-records-duty-vehicles-34: wrong · 'Not in my library.'
[live] real3-defs-duty-records-35: unverified · '§ 11.3(b)(6) [p93]'
[live] real3-none-36: right · 'Not in my library.'
[live] real3-none-37: right · 'Not in my library.'
[live] real3-none-38: right · 'Not in my library.'
[live] real3-none-39: right · 'Not in my library.'
[live] real4-none-0: right · 'Not in my library.'
[live] real4-none-1: right · 'Not in my library.'
[live] real4-none-2: wrong · 'at least daily [q-7]'
[live] real4-none-3: right · 'Not in my library.'
[live] real4-none-4: right · 'Not in my library.'
[live] real4-none-5: right · 'Not in my library.'
[live] real4-none-6: right · 'Not in my library.'
[live] real4-none-7: right · 'Not in my library.'
[live] real4-none-8: right · 'Not in my library.'
[live] real4-none-9: right · 'Not in my library.'
[live] real4-none-10: right · 'Not in my library.'
[live] real4-none-11: right · 'Not in my library.'
[live] 36/52 right · headline 16/23 · refusals 15/16 through OpenClaw 2026.9.4 (3a9d69d)
