[live] real3-duty-agreement-31: unverified · '12 months [1.912 §a-1]'
[live] real3-defs-coverage-defs-32: right · '3-year period [1.904 §non-covered-business]'
[live] real3-defs-coverage-defs-33: right · '40 hours [1.904 §text-2]'
[live] real3-records-duty-vehicles-34: wrong · 'The library walk ended without an answer — try again or ask more narrowly.'
[live] real3-defs-duty-records-35: unverified · '§ 11.3(b)(6) [p93]'
[live] real3-none-36: right · 'Not in my library.'
[live] real3-none-37: right · 'Not in my library.'
[live] real3-none-38: right · 'Not in my library.'
[live] real3-none-39: right · 'Not in my library.'
[live] real4-none-0: right · 'Not in my library.'
[live] real4-none-1: right · 'Not in my library.'
[live] real4-none-2: wrong · 'at least daily [1910.178 §q-7]'
[live] real4-none-3: right · 'Not in my library.'
[live] real4-none-4: right · 'Not in my library.'
[live] real4-none-5: right · 'Not in my library.'
[live] real4-none-6: right · 'Not in my library.'
[live] real4-none-7: right · 'Not in my library.'
[live] real4-none-8: right · 'Not in my library.'
[live] real4-none-9: wrong · 'NFPA Flammable and Combustible Liquids Code (NFPA No. 30-1969) [1910.178 §f]'
[live] real4-none-10: right · 'Not in my library.'
[live] real4-none-11: right · 'Not in my library.'
[live] 37/52 right · headline 16/23 · refusals 14/16 through OpenClaw 2026.9.4 (3a9d69d)
